// Jest Snapshot v1, https://goo.gl/fbAQLP

exports[`CardContainer should match the snapshot 1`] = `
ShallowWrapper {
  "length": 1,
  Symbol(enzyme.__root__): [Circular],
  Symbol(enzyme.__unrendered__): <CardContainer
    stats={
        Array [
            Object {
              "location": "MEEKER RE1",
              "stats": Object {
                "2004": 0,
                "2005": 0.505,
              },
            },
          ]
    }
/>,
  Symbol(enzyme.__renderer__): Object {
    "batchedUpdates": [Function],
    "getNode": [Function],
    "render": [Function],
    "simulateEvent": [Function],
    "unmount": [Function],
  },
  Symbol(enzyme.__node__): Object {
    "instance": null,
    "key": undefined,
    "nodeType": "host",
    "props": Object {
      "children": Array [
        <Card
          compareArray={undefined}
          displayComparedCards={undefined}
          district={
                    Object {
                              "location": "MEEKER RE1",
                              "stats": Object {
                                "2004": 0,
                                "2005": 0.505,
                              },
                            }
          }
/>,
      ],
      "className": "card-container",
    },
    "ref": null,
    "rendered": Array [
      Object {
        "instance": null,
        "key": "0",
        "nodeType": "function",
        "props": Object {
          "compareArray": undefined,
          "displayComparedCards": undefined,
          "district": Object {
            "location": "MEEKER RE1",
            "stats": Object {
              "2004": 0,
              "2005": 0.505,
            },
          },
        },
        "ref": null,
        "rendered": null,
        "type": [Function],
      },
    ],
    "type": "div",
  },
  Symbol(enzyme.__nodes__): Array [
    Object {
      "instance": null,
      "key": undefined,
      "nodeType": "host",
      "props": Object {
        "children": Array [
          <Card
            compareArray={undefined}
            displayComparedCards={undefined}
            district={
                        Object {
                                    "location": "MEEKER RE1",
                                    "stats": Object {
                                      "2004": 0,
                                      "2005": 0.505,
                                    },
                                  }
            }
/>,
        ],
        "className": "card-container",
      },
      "ref": null,
      "rendered": Array [
        Object {
          "instance": null,
          "key": "0",
          "nodeType": "function",
          "props": Object {
            "compareArray": undefined,
            "displayComparedCards": undefined,
            "district": Object {
              "location": "MEEKER RE1",
              "stats": Object {
                "2004": 0,
                "2005": 0.505,
              },
            },
          },
          "ref": null,
          "rendered": null,
          "type": [Function],
        },
      ],
      "type": "div",
    },
  ],
  Symbol(enzyme.__options__): Object {
    "adapter": ReactSixteenAdapter {
      "options": Object {
        "enableComponentDidUpdateOnSetState": true,
      },
    },
  },
}
`;
