// Jest Snapshot v1, https://goo.gl/fbAQLP

exports[`App should match the snapshot 1`] = `
ShallowWrapper {
  "length": 1,
  Symbol(enzyme.__root__): [Circular],
  Symbol(enzyme.__unrendered__): <App />,
  Symbol(enzyme.__renderer__): Object {
    "batchedUpdates": [Function],
    "getNode": [Function],
    "render": [Function],
    "simulateEvent": [Function],
    "unmount": [Function],
  },
  Symbol(enzyme.__node__): Object {
    "instance": null,
    "key": undefined,
    "nodeType": "host",
    "props": Object {
      "children": Array [
        <h1
          className="title"
>
          Welcome to Headcount
</h1>,
        <Search
          findMatch={[Function]}
/>,
        <div>
          <CompareContainer
                    compareArray={Array []}
                    displayComparedCards={[Function]}
                    displayComparison={[Function]}
          />
          <CardContainer
                    compareArray={Array []}
                    displayComparedCards={[Function]}
                    stats={Array []}
          />
</div>,
      ],
    },
    "ref": null,
    "rendered": Array [
      Object {
        "instance": null,
        "key": undefined,
        "nodeType": "host",
        "props": Object {
          "children": "Welcome to Headcount",
          "className": "title",
        },
        "ref": null,
        "rendered": "Welcome to Headcount",
        "type": "h1",
      },
      Object {
        "instance": null,
        "key": undefined,
        "nodeType": "class",
        "props": Object {
          "findMatch": [Function],
        },
        "ref": null,
        "rendered": null,
        "type": [Function],
      },
      Object {
        "instance": null,
        "key": undefined,
        "nodeType": "host",
        "props": Object {
          "children": Array [
            <CompareContainer
              compareArray={Array []}
              displayComparedCards={[Function]}
              displayComparison={[Function]}
/>,
            <CardContainer
              compareArray={Array []}
              displayComparedCards={[Function]}
              stats={Array []}
/>,
          ],
        },
        "ref": null,
        "rendered": Array [
          Object {
            "instance": null,
            "key": undefined,
            "nodeType": "function",
            "props": Object {
              "compareArray": Array [],
              "displayComparedCards": [Function],
              "displayComparison": [Function],
            },
            "ref": null,
            "rendered": null,
            "type": [Function],
          },
          Object {
            "instance": null,
            "key": undefined,
            "nodeType": "function",
            "props": Object {
              "compareArray": Array [],
              "displayComparedCards": [Function],
              "stats": Array [],
            },
            "ref": null,
            "rendered": null,
            "type": [Function],
          },
        ],
        "type": "div",
      },
    ],
    "type": "div",
  },
  Symbol(enzyme.__nodes__): Array [
    Object {
      "instance": null,
      "key": undefined,
      "nodeType": "host",
      "props": Object {
        "children": Array [
          <h1
            className="title"
>
            Welcome to Headcount
</h1>,
          <Search
            findMatch={[Function]}
/>,
          <div>
            <CompareContainer
                        compareArray={Array []}
                        displayComparedCards={[Function]}
                        displayComparison={[Function]}
            />
            <CardContainer
                        compareArray={Array []}
                        displayComparedCards={[Function]}
                        stats={Array []}
            />
</div>,
        ],
      },
      "ref": null,
      "rendered": Array [
        Object {
          "instance": null,
          "key": undefined,
          "nodeType": "host",
          "props": Object {
            "children": "Welcome to Headcount",
            "className": "title",
          },
          "ref": null,
          "rendered": "Welcome to Headcount",
          "type": "h1",
        },
        Object {
          "instance": null,
          "key": undefined,
          "nodeType": "class",
          "props": Object {
            "findMatch": [Function],
          },
          "ref": null,
          "rendered": null,
          "type": [Function],
        },
        Object {
          "instance": null,
          "key": undefined,
          "nodeType": "host",
          "props": Object {
            "children": Array [
              <CompareContainer
                compareArray={Array []}
                displayComparedCards={[Function]}
                displayComparison={[Function]}
/>,
              <CardContainer
                compareArray={Array []}
                displayComparedCards={[Function]}
                stats={Array []}
/>,
            ],
          },
          "ref": null,
          "rendered": Array [
            Object {
              "instance": null,
              "key": undefined,
              "nodeType": "function",
              "props": Object {
                "compareArray": Array [],
                "displayComparedCards": [Function],
                "displayComparison": [Function],
              },
              "ref": null,
              "rendered": null,
              "type": [Function],
            },
            Object {
              "instance": null,
              "key": undefined,
              "nodeType": "function",
              "props": Object {
                "compareArray": Array [],
                "displayComparedCards": [Function],
                "stats": Array [],
              },
              "ref": null,
              "rendered": null,
              "type": [Function],
            },
          ],
          "type": "div",
        },
      ],
      "type": "div",
    },
  ],
  Symbol(enzyme.__options__): Object {
    "adapter": ReactSixteenAdapter {
      "options": Object {
        "enableComponentDidUpdateOnSetState": true,
      },
    },
    "disableLifecycleMethods": true,
  },
}
`;
